22:09:37 **** Incremental Build of configuration Debug for project Extension_Module ****
make -j24 all 
arm-none-eabi-gcc "../XM_Apps/User_Algorithm/user_app.c" -mcpu=cortex-m7 -std=gnu18 -g3 -DDEBUG -DUSE_HAL_DRIVER -DSTM32H743xx -DUSE_PWR_LDO_SUPPLY -c -I"C:/Github/IIT/Data_acquisition/XM_EXOdata/XM_Apps/User_Algorithm" -I"C:/Github/IIT/Data_acquisition/XM_EXOdata/XM_FW/XM_API" -I"C:/Github/IIT/Data_acquisition/XM_EXOdata/XM_FW/System/Board/Button" -I"C:/Github/IIT/Data_acquisition/XM_EXOdata/XM_FW/System/Board/GPIO" -I"C:/Github/IIT/Data_acquisition/XM_EXOdata/XM_FW/System/Board/LED" -I"C:/Github/IIT/Data_acquisition/XM_EXOdata/XM_FW/System/Comm/CANFD" -I"C:/Github/IIT/Data_acquisition/XM_EXOdata/XM_FW/System/Comm/UART" -I"C:/Github/IIT/Data_acquisition/XM_EXOdata/XM_FW/System/Comm/USB" -I"C:/Github/IIT/Data_acquisition/XM_EXOdata/XM_FW/System/Config" -I"C:/Github/IIT/Data_acquisition/XM_EXOdata/XM_FW/System/Core" -I"C:/Github/IIT/Data_acquisition/XM_EXOdata/XM_FW/System/Links/Control_Module" -I"C:/Github/IIT/Data_acquisition/XM_EXOdata/XM_FW/System/Links/GRF_Module" -I"C:/Github/IIT/Data_acquisition/XM_EXOdata/XM_FW/System/Links/IMU_Module" -I"C:/Github/IIT/Data_acquisition/XM_EXOdata/XM_FW/System/Links/PnP_Manager" -I"C:/Github/IIT/Data_acquisition/XM_EXOdata/XM_FW/Devices/Marveldex" -I"C:/Github/IIT/Data_acquisition/XM_EXOdata/XM_FW/Devices/XSENS" -I"C:/Github/IIT/Data_acquisition/XM_EXOdata/XM_FW/Devices/AGR/Control_Module" -I"C:/Github/IIT/Data_acquisition/XM_EXOdata/XM_FW/Services/Buff_Mngr/Ring_Buffer/Inc" -I"C:/Github/IIT/Data_acquisition/XM_EXOdata/XM_FW/Services/Task_State_Machine/Inc" -I"C:/Github/IIT/Data_acquisition/XM_EXOdata/XM_FW/Services/DOP_Mngr/Inc" -I"C:/Github/IIT/Data_acquisition/XM_EXOdata/XM_FW/Services/Risk_Mngr/Inc" -I"C:/Github/IIT/Data_acquisition/XM_EXOdata/XM_FW/IOIF/Inc" -I"C:/Github/IIT/Data_acquisition/XM_EXOdata/Compatible/Drivers/STM32H7xx_HAL_Driver/Inc" -I"C:/Github/IIT/Data_acquisition/XM_EXOdata/Compatible/FATFS/Target" -I"C:/Github/IIT/Data_acquisition/XM_EXOdata/Compatible/STM32_USB_Device_Library/Class/CDC/Inc" -I"C:/Github/IIT/Data_acquisition/XM_EXOdata/Compatible/STM32_USB_Device_Library/Core/Inc" -I"C:/Github/IIT/Data_acquisition/XM_EXOdata/Compatible/STM32_USB_Host_Library/Class/MSC/Inc" -I"C:/Github/IIT/Data_acquisition/XM_EXOdata/Compatible/STM32_USB_Host_Library/Core/Inc" -I"C:/Github/IIT/Data_acquisition/XM_EXOdata/Compatible/USB_DEVICE/App" -I"C:/Github/IIT/Data_acquisition/XM_EXOdata/Compatible/USB_DEVICE/Target" -I"C:/Github/IIT/Data_acquisition/XM_EXOdata/Compatible/USB_HOST/App" -I"C:/Github/IIT/Data_acquisition/XM_EXOdata/Compatible/USB_HOST/Target" -I../Core/Inc -I../Drivers/STM32H7xx_HAL_Driver/Inc -I../Drivers/STM32H7xx_HAL_Driver/Inc/Legacy -I../Drivers/CMSIS/Device/ST/STM32H7xx/Include -I../Drivers/CMSIS/Include -I../FATFS/Target -I../FATFS/App -I../Middlewares/Third_Party/FatFs/src -I../Middlewares/Third_Party/FreeRTOS/Source/include -I../Middlewares/Third_Party/FreeRTOS/Source/CMSIS_RTOS_V2 -I../Middlewares/Third_Party/FreeRTOS/Source/portable/GCC/ARM_CM4F -O0 -ffunction-sections -fdata-sections -Wall -fstack-usage -fcyclomatic-complexity -MMD -MP -MF"XM_Apps/User_Algorithm/user_app.d" -MT"XM_Apps/User_Algorithm/user_app.o" --specs=nano.specs -mfpu=fpv5-d16 -mfloat-abi=hard -mthumb -o "XM_Apps/User_Algorithm/user_app.o"
../XM_Apps/User_Algorithm/user_app.c:261:14: warning: 'assist_force_N' defined but not used [-Wunused-variable]
  261 | static float assist_force_N = 0.0f;   // ?•„?š”?•˜ë©? left/right ?•©?‚°?•´?„œ ?“°ê±°ë‚˜ ë³„ë„ ë§¤í•‘
      |              ^~~~~~~~~~~~~~
../XM_Apps/User_Algorithm/user_app.c:168:23: warning: 'LFootContact' defined but not used [-Wunused-variable]
  168 | static LFootContact_t LFootContact = LInitial;
      |                       ^~~~~~~~~~~~
../XM_Apps/User_Algorithm/user_app.c:167:23: warning: 'RFootContact' defined but not used [-Wunused-variable]
  167 | static RFootContact_t RFootContact = RInitial;
      |                       ^~~~~~~~~~~~
../XM_Apps/User_Algorithm/user_app.c:166:20: warning: 'GaitState' defined but not used [-Wunused-variable]
  166 | static GaitState_t GaitState = Stop;
      |                    ^~~~~~~~~
../XM_Apps/User_Algorithm/user_app.c:163:20: warning: 's_previoush10Mode' defined but not used [-Wunused-variable]
  163 | static XmH10Mode_t s_previoush10Mode = XM_H10_MODE_STANDBY;
      |                    ^~~~~~~~~~~~~~~~~
../XM_Apps/User_Algorithm/user_app.c:159:17: warning: 's_modeTransitionTimer' defined but not used [-Wunused-variable]
  159 | static uint32_t s_modeTransitionTimer = 0;
      |                 ^~~~~~~~~~~~~~~~~~~~~
arm-none-eabi-gcc -o "Extension_Module.elf" @"objects.list"   -mcpu=cortex-m7 -T"C:\Github\IIT\Data_acquisition\XM_EXOdata\STM32H743XIHX_FLASH.ld" --specs=nosys.specs -Wl,-Map="Extension_Module.map" -Wl,--gc-sections -static --specs=nano.specs -mfpu=fpv5-d16 -mfloat-abi=hard -mthumb -u _printf_float -u _scanf_float -Wl,--start-group -lc -lm -Wl,--end-group
Finished building target: Extension_Module.elf
 
arm-none-eabi-size  Extension_Module.elf 
arm-none-eabi-objdump -h -S Extension_Module.elf  > "Extension_Module.list"
   text	   data	    bss	    dec	    hex	filename
 211912	   1004	 556220	 769136	  bbc70	Extension_Module.elf
arm-none-eabi-objcopy  -O ihex Extension_Module.elf  "Extension_Module.hex"
Finished building: default.size.stdout
arm-none-eabi-objcopy  -O binary Extension_Module.elf  "Extension_Module.bin"
 
Finished building: Extension_Module.hex
 
Finished building: Extension_Module.bin
 
Finished building: Extension_Module.list
 

22:09:39 Build Finished. 0 errors, 6 warnings. (took 2s.17ms)

