22:30:12 **** Incremental Build of configuration Debug for project XM_EXOdata ****
make -j24 all 
arm-none-eabi-size  XM_EXOdata.elf 
   text	   data	    bss	    dec	    hex	filename
 211920	   1004	 556220	 769144	  bbc78	XM_EXOdata.elf
Finished building: default.size.stdout
 
22:30:15 **** Incremental Build of configuration Debug for project XM_EXOdata ****
make -j24 all 
arm-none-eabi-size  XM_EXOdata.elf 
   text	   data	    bss	    dec	    hex	filename
 211920	   1004	 556220	 769144	  bbc78	XM_EXOdata.elf
Finished building: default.size.stdout
 
22:40:24 **** Incremental Build of configuration Debug for project XM_EXOdata ****
make -j24 all 
arm-none-eabi-size  XM_EXOdata.elf 
   text	   data	    bss	    dec	    hex	filename
 211920	   1004	 556220	 769144	  bbc78	XM_EXOdata.elf
Finished building: default.size.stdout
 
22:45:24 **** Incremental Build of configuration Debug for project XM_EXOdata ****
make -j24 all 
arm-none-eabi-gcc "../XM_Apps/User_Algorithm/user_app.c" -mcpu=cortex-m7 -std=gnu18 -g3 -DDEBUG -DUSE_HAL_DRIVER -DSTM32H743xx -DUSE_PWR_LDO_SUPPLY -c -I"C:/Github/IIT/Data_Acq/XM_EXOdata/XM_Apps/User_Algorithm" -I"C:/Github/IIT/Data_Acq/XM_EXOdata/XM_FW/XM_API" -I"C:/Github/IIT/Data_Acq/XM_EXOdata/XM_FW/System/Board/Button" -I"C:/Github/IIT/Data_Acq/XM_EXOdata/XM_FW/System/Board/GPIO" -I"C:/Github/IIT/Data_Acq/XM_EXOdata/XM_FW/System/Board/LED" -I"C:/Github/IIT/Data_Acq/XM_EXOdata/XM_FW/System/Comm/CANFD" -I"C:/Github/IIT/Data_Acq/XM_EXOdata/XM_FW/System/Comm/UART" -I"C:/Github/IIT/Data_Acq/XM_EXOdata/XM_FW/System/Comm/USB" -I"C:/Github/IIT/Data_Acq/XM_EXOdata/XM_FW/System/Config" -I"C:/Github/IIT/Data_Acq/XM_EXOdata/XM_FW/System/Core" -I"C:/Github/IIT/Data_Acq/XM_EXOdata/XM_FW/System/Links/Control_Module" -I"C:/Github/IIT/Data_Acq/XM_EXOdata/XM_FW/System/Links/GRF_Module" -I"C:/Github/IIT/Data_Acq/XM_EXOdata/XM_FW/System/Links/IMU_Module" -I"C:/Github/IIT/Data_Acq/XM_EXOdata/XM_FW/System/Links/PnP_Manager" -I"C:/Github/IIT/Data_Acq/XM_EXOdata/XM_FW/Devices/Marveldex" -I"C:/Github/IIT/Data_Acq/XM_EXOdata/XM_FW/Devices/XSENS" -I"C:/Github/IIT/Data_Acq/XM_EXOdata/XM_FW/Devices/AGR/Control_Module" -I"C:/Github/IIT/Data_Acq/XM_EXOdata/XM_FW/Services/Buff_Mngr/Ring_Buffer/Inc" -I"C:/Github/IIT/Data_Acq/XM_EXOdata/XM_FW/Services/Task_State_Machine/Inc" -I"C:/Github/IIT/Data_Acq/XM_EXOdata/XM_FW/Services/DOP_Mngr/Inc" -I"C:/Github/IIT/Data_Acq/XM_EXOdata/XM_FW/Services/Risk_Mngr/Inc" -I"C:/Github/IIT/Data_Acq/XM_EXOdata/XM_FW/IOIF/Inc" -I"C:/Github/IIT/Data_Acq/XM_EXOdata/Compatible/Drivers/STM32H7xx_HAL_Driver/Inc" -I"C:/Github/IIT/Data_Acq/XM_EXOdata/Compatible/FATFS/Target" -I"C:/Github/IIT/Data_Acq/XM_EXOdata/Compatible/STM32_USB_Device_Library/Class/CDC/Inc" -I"C:/Github/IIT/Data_Acq/XM_EXOdata/Compatible/STM32_USB_Device_Library/Core/Inc" -I"C:/Github/IIT/Data_Acq/XM_EXOdata/Compatible/STM32_USB_Host_Library/Class/MSC/Inc" -I"C:/Github/IIT/Data_Acq/XM_EXOdata/Compatible/STM32_USB_Host_Library/Core/Inc" -I"C:/Github/IIT/Data_Acq/XM_EXOdata/Compatible/USB_DEVICE/App" -I"C:/Github/IIT/Data_Acq/XM_EXOdata/Compatible/USB_DEVICE/Target" -I"C:/Github/IIT/Data_Acq/XM_EXOdata/Compatible/USB_HOST/App" -I"C:/Github/IIT/Data_Acq/XM_EXOdata/Compatible/USB_HOST/Target" -I../Core/Inc -I../Drivers/STM32H7xx_HAL_Driver/Inc -I../Drivers/STM32H7xx_HAL_Driver/Inc/Legacy -I../Drivers/CMSIS/Device/ST/STM32H7xx/Include -I../Drivers/CMSIS/Include -I../FATFS/Target -I../FATFS/App -I../Middlewares/Third_Party/FatFs/src -I../Middlewares/Third_Party/FreeRTOS/Source/include -I../Middlewares/Third_Party/FreeRTOS/Source/CMSIS_RTOS_V2 -I../Middlewares/Third_Party/FreeRTOS/Source/portable/GCC/ARM_CM4F -O0 -ffunction-sections -fdata-sections -Wall -fstack-usage -fcyclomatic-complexity -MMD -MP -MF"XM_Apps/User_Algorithm/user_app.d" -MT"XM_Apps/User_Algorithm/user_app.o" --specs=nano.specs -mfpu=fpv5-d16 -mfloat-abi=hard -mthumb -o "XM_Apps/User_Algorithm/user_app.o"
In file included from ../Core/Inc/stm32h7xx_hal_conf.h:493,
                 from ../Drivers/STM32H7xx_HAL_Driver/Inc/stm32h7xx_hal.h:29,
                 from C:/Github/IIT/Data_Acq/XM_EXOdata/XM_FW/IOIF/Inc/ioif_agrb_uart.h:24,
                 from C:/Github/IIT/Data_Acq/XM_EXOdata/XM_FW/Devices/XSENS/mti-630.h:20,
                 from ../XM_Apps/User_Algorithm/user_app.c:14:
C:/Github/IIT/Data_Acq/XM_EXOdata/Compatible/Drivers/STM32H7xx_HAL_Driver/Inc/stm32h7xx_hal_hcd.h:32: warning: "USE_HAL_HCD_REGISTER_CALLBACKS" redefined
   32 | #define USE_HAL_HCD_REGISTER_CALLBACKS 1U
      | 
In file included from ../Drivers/STM32H7xx_HAL_Driver/Inc/stm32h7xx_hal.h:29,
                 from C:/Github/IIT/Data_Acq/XM_EXOdata/XM_FW/IOIF/Inc/ioif_agrb_uart.h:24,
                 from C:/Github/IIT/Data_Acq/XM_EXOdata/XM_FW/Devices/XSENS/mti-630.h:20,
                 from ../XM_Apps/User_Algorithm/user_app.c:14:
../Core/Inc/stm32h7xx_hal_conf.h:195: note: this is the location of the previous definition
  195 | #define  USE_HAL_HCD_REGISTER_CALLBACKS     0U /* HCD register callback disabled     */
      | 
../XM_Apps/User_Algorithm/user_app.c: In function 'Standby_Entry':
../XM_Apps/User_Algorithm/user_app.c:422:13: warning: implicit declaration of function 'IOIF_DelayMs' [-Wimplicit-function-declaration]
  422 |             IOIF_DelayMs(50);
      |             ^~~~~~~~~~~~
At top level:
../XM_Apps/User_Algorithm/user_app.c:262:14: warning: 'assist_force_N' defined but not used [-Wunused-variable]
  262 | static float assist_force_N = 0.0f;   // ?•„?š”?•˜ë©? left/right ?•©?‚°?•´?„œ ?“°ê±°ë‚˜ ë³„ë„ ë§¤í•‘
      |              ^~~~~~~~~~~~~~
../XM_Apps/User_Algorithm/user_app.c:169:23: warning: 'LFootContact' defined but not used [-Wunused-variable]
  169 | static LFootContact_t LFootContact = LInitial;
      |                       ^~~~~~~~~~~~
../XM_Apps/User_Algorithm/user_app.c:168:23: warning: 'RFootContact' defined but not used [-Wunused-variable]
  168 | static RFootContact_t RFootContact = RInitial;
      |                       ^~~~~~~~~~~~
../XM_Apps/User_Algorithm/user_app.c:167:20: warning: 'GaitState' defined but not used [-Wunused-variable]
  167 | static GaitState_t GaitState = Stop;
      |                    ^~~~~~~~~
../XM_Apps/User_Algorithm/user_app.c:164:20: warning: 's_previoush10Mode' defined but not used [-Wunused-variable]
  164 | static XmH10Mode_t s_previoush10Mode = XM_H10_MODE_STANDBY;
      |                    ^~~~~~~~~~~~~~~~~
../XM_Apps/User_Algorithm/user_app.c:160:17: warning: 's_modeTransitionTimer' defined but not used [-Wunused-variable]
  160 | static uint32_t s_modeTransitionTimer = 0;
      |                 ^~~~~~~~~~~~~~~~~~~~~
arm-none-eabi-gcc -o "XM_EXOdata.elf" @"objects.list"   -mcpu=cortex-m7 -T"C:\Github\IIT\Data_Acq\XM_EXOdata\STM32H743XIHX_FLASH.ld" --specs=nosys.specs -Wl,-Map="XM_EXOdata.map" -Wl,--gc-sections -static --specs=nano.specs -mfpu=fpv5-d16 -mfloat-abi=hard -mthumb -u _printf_float -u _scanf_float -Wl,--start-group -lc -lm -Wl,--end-group
C:/ST/STM32CubeIDE_1.14.1/STM32CubeIDE/plugins/com.st.stm32cube.ide.mcu.externaltools.gnu-tools-for-stm32.11.3.rel1.win32_1.1.100.202309141235/tools/bin/../lib/gcc/arm-none-eabi/11.3.1/../../../../arm-none-eabi/bin/ld.exe: ./XM_Apps/User_Algorithm/user_app.o: in function `Standby_Entry':
C:/Github/IIT/Data_Acq/XM_EXOdata/Debug/../XM_Apps/User_Algorithm/user_app.c:422: undefined reference to `IOIF_DelayMs'
C:/ST/STM32CubeIDE_1.14.1/STM32CubeIDE/plugins/com.st.stm32cube.ide.mcu.externaltools.gnu-tools-for-stm32.11.3.rel1.win32_1.1.100.202309141235/tools/bin/../lib/gcc/arm-none-eabi/11.3.1/../../../../arm-none-eabi/bin/ld.exe: ./XM_Apps/User_Algorithm/user_app.o: in function `Standby_Loop':
C:/Github/IIT/Data_Acq/XM_EXOdata/Debug/../XM_Apps/User_Algorithm/user_app.c:495: undefined reference to `IOIF_DelayMs'
collect2.exe: error: ld returned 1 exit status
make: *** [makefile:109: XM_EXOdata.elf] Error 1
"make -j24 all" terminated with exit code 2. Build might be incomplete.
22:45:52 **** Incremental Build of configuration Debug for project XM_EXOdata ****
make -j24 all 
arm-none-eabi-gcc "../XM_Apps/User_Algorithm/user_app.c" -mcpu=cortex-m7 -std=gnu18 -g3 -DDEBUG -DUSE_HAL_DRIVER -DSTM32H743xx -DUSE_PWR_LDO_SUPPLY -c -I"C:/Github/IIT/Data_Acq/XM_EXOdata/XM_Apps/User_Algorithm" -I"C:/Github/IIT/Data_Acq/XM_EXOdata/XM_FW/XM_API" -I"C:/Github/IIT/Data_Acq/XM_EXOdata/XM_FW/System/Board/Button" -I"C:/Github/IIT/Data_Acq/XM_EXOdata/XM_FW/System/Board/GPIO" -I"C:/Github/IIT/Data_Acq/XM_EXOdata/XM_FW/System/Board/LED" -I"C:/Github/IIT/Data_Acq/XM_EXOdata/XM_FW/System/Comm/CANFD" -I"C:/Github/IIT/Data_Acq/XM_EXOdata/XM_FW/System/Comm/UART" -I"C:/Github/IIT/Data_Acq/XM_EXOdata/XM_FW/System/Comm/USB" -I"C:/Github/IIT/Data_Acq/XM_EXOdata/XM_FW/System/Config" -I"C:/Github/IIT/Data_Acq/XM_EXOdata/XM_FW/System/Core" -I"C:/Github/IIT/Data_Acq/XM_EXOdata/XM_FW/System/Links/Control_Module" -I"C:/Github/IIT/Data_Acq/XM_EXOdata/XM_FW/System/Links/GRF_Module" -I"C:/Github/IIT/Data_Acq/XM_EXOdata/XM_FW/System/Links/IMU_Module" -I"C:/Github/IIT/Data_Acq/XM_EXOdata/XM_FW/System/Links/PnP_Manager" -I"C:/Github/IIT/Data_Acq/XM_EXOdata/XM_FW/Devices/Marveldex" -I"C:/Github/IIT/Data_Acq/XM_EXOdata/XM_FW/Devices/XSENS" -I"C:/Github/IIT/Data_Acq/XM_EXOdata/XM_FW/Devices/AGR/Control_Module" -I"C:/Github/IIT/Data_Acq/XM_EXOdata/XM_FW/Services/Buff_Mngr/Ring_Buffer/Inc" -I"C:/Github/IIT/Data_Acq/XM_EXOdata/XM_FW/Services/Task_State_Machine/Inc" -I"C:/Github/IIT/Data_Acq/XM_EXOdata/XM_FW/Services/DOP_Mngr/Inc" -I"C:/Github/IIT/Data_Acq/XM_EXOdata/XM_FW/Services/Risk_Mngr/Inc" -I"C:/Github/IIT/Data_Acq/XM_EXOdata/XM_FW/IOIF/Inc" -I"C:/Github/IIT/Data_Acq/XM_EXOdata/Compatible/Drivers/STM32H7xx_HAL_Driver/Inc" -I"C:/Github/IIT/Data_Acq/XM_EXOdata/Compatible/FATFS/Target" -I"C:/Github/IIT/Data_Acq/XM_EXOdata/Compatible/STM32_USB_Device_Library/Class/CDC/Inc" -I"C:/Github/IIT/Data_Acq/XM_EXOdata/Compatible/STM32_USB_Device_Library/Core/Inc" -I"C:/Github/IIT/Data_Acq/XM_EXOdata/Compatible/STM32_USB_Host_Library/Class/MSC/Inc" -I"C:/Github/IIT/Data_Acq/XM_EXOdata/Compatible/STM32_USB_Host_Library/Core/Inc" -I"C:/Github/IIT/Data_Acq/XM_EXOdata/Compatible/USB_DEVICE/App" -I"C:/Github/IIT/Data_Acq/XM_EXOdata/Compatible/USB_DEVICE/Target" -I"C:/Github/IIT/Data_Acq/XM_EXOdata/Compatible/USB_HOST/App" -I"C:/Github/IIT/Data_Acq/XM_EXOdata/Compatible/USB_HOST/Target" -I../Core/Inc -I../Drivers/STM32H7xx_HAL_Driver/Inc -I../Drivers/STM32H7xx_HAL_Driver/Inc/Legacy -I../Drivers/CMSIS/Device/ST/STM32H7xx/Include -I../Drivers/CMSIS/Include -I../FATFS/Target -I../FATFS/App -I../Middlewares/Third_Party/FatFs/src -I../Middlewares/Third_Party/FreeRTOS/Source/include -I../Middlewares/Third_Party/FreeRTOS/Source/CMSIS_RTOS_V2 -I../Middlewares/Third_Party/FreeRTOS/Source/portable/GCC/ARM_CM4F -O0 -ffunction-sections -fdata-sections -Wall -fstack-usage -fcyclomatic-complexity -MMD -MP -MF"XM_Apps/User_Algorithm/user_app.d" -MT"XM_Apps/User_Algorithm/user_app.o" --specs=nano.specs -mfpu=fpv5-d16 -mfloat-abi=hard -mthumb -o "XM_Apps/User_Algorithm/user_app.o"
In file included from ../Core/Inc/stm32h7xx_hal_conf.h:493,
                 from ../Drivers/STM32H7xx_HAL_Driver/Inc/stm32h7xx_hal.h:29,
                 from C:/Github/IIT/Data_Acq/XM_EXOdata/XM_FW/IOIF/Inc/ioif_agrb_uart.h:24,
                 from C:/Github/IIT/Data_Acq/XM_EXOdata/XM_FW/Devices/XSENS/mti-630.h:20,
                 from ../XM_Apps/User_Algorithm/user_app.c:14:
C:/Github/IIT/Data_Acq/XM_EXOdata/Compatible/Drivers/STM32H7xx_HAL_Driver/Inc/stm32h7xx_hal_hcd.h:32: warning: "USE_HAL_HCD_REGISTER_CALLBACKS" redefined
   32 | #define USE_HAL_HCD_REGISTER_CALLBACKS 1U
      | 
In file included from ../Drivers/STM32H7xx_HAL_Driver/Inc/stm32h7xx_hal.h:29,
                 from C:/Github/IIT/Data_Acq/XM_EXOdata/XM_FW/IOIF/Inc/ioif_agrb_uart.h:24,
                 from C:/Github/IIT/Data_Acq/XM_EXOdata/XM_FW/Devices/XSENS/mti-630.h:20,
                 from ../XM_Apps/User_Algorithm/user_app.c:14:
../Core/Inc/stm32h7xx_hal_conf.h:195: note: this is the location of the previous definition
  195 | #define  USE_HAL_HCD_REGISTER_CALLBACKS     0U /* HCD register callback disabled     */
      | 
../XM_Apps/User_Algorithm/user_app.c: In function 'Standby_Entry':
../XM_Apps/User_Algorithm/user_app.c:423:13: warning: implicit declaration of function 'IOIF_DelayMs' [-Wimplicit-function-declaration]
  423 |             IOIF_DelayMs(50);
      |             ^~~~~~~~~~~~
At top level:
../XM_Apps/User_Algorithm/user_app.c:263:14: warning: 'assist_force_N' defined but not used [-Wunused-variable]
  263 | static float assist_force_N = 0.0f;   // ?•„?š”?•˜ë©? left/right ?•©?‚°?•´?„œ ?“°ê±°ë‚˜ ë³„ë„ ë§¤í•‘
      |              ^~~~~~~~~~~~~~
../XM_Apps/User_Algorithm/user_app.c:170:23: warning: 'LFootContact' defined but not used [-Wunused-variable]
  170 | static LFootContact_t LFootContact = LInitial;
      |                       ^~~~~~~~~~~~
../XM_Apps/User_Algorithm/user_app.c:169:23: warning: 'RFootContact' defined but not used [-Wunused-variable]
  169 | static RFootContact_t RFootContact = RInitial;
      |                       ^~~~~~~~~~~~
../XM_Apps/User_Algorithm/user_app.c:168:20: warning: 'GaitState' defined but not used [-Wunused-variable]
  168 | static GaitState_t GaitState = Stop;
      |                    ^~~~~~~~~
../XM_Apps/User_Algorithm/user_app.c:165:20: warning: 's_previoush10Mode' defined but not used [-Wunused-variable]
  165 | static XmH10Mode_t s_previoush10Mode = XM_H10_MODE_STANDBY;
      |                    ^~~~~~~~~~~~~~~~~
../XM_Apps/User_Algorithm/user_app.c:161:17: warning: 's_modeTransitionTimer' defined but not used [-Wunused-variable]
  161 | static uint32_t s_modeTransitionTimer = 0;
      |                 ^~~~~~~~~~~~~~~~~~~~~
arm-none-eabi-gcc -o "XM_EXOdata.elf" @"objects.list"   -mcpu=cortex-m7 -T"C:\Github\IIT\Data_Acq\XM_EXOdata\STM32H743XIHX_FLASH.ld" --specs=nosys.specs -Wl,-Map="XM_EXOdata.map" -Wl,--gc-sections -static --specs=nano.specs -mfpu=fpv5-d16 -mfloat-abi=hard -mthumb -u _printf_float -u _scanf_float -Wl,--start-group -lc -lm -Wl,--end-group
C:/ST/STM32CubeIDE_1.14.1/STM32CubeIDE/plugins/com.st.stm32cube.ide.mcu.externaltools.gnu-tools-for-stm32.11.3.rel1.win32_1.1.100.202309141235/tools/bin/../lib/gcc/arm-none-eabi/11.3.1/../../../../arm-none-eabi/bin/ld.exe: ./XM_Apps/User_Algorithm/user_app.o: in function `Standby_Entry':
C:/Github/IIT/Data_Acq/XM_EXOdata/Debug/../XM_Apps/User_Algorithm/user_app.c:423: undefined reference to `IOIF_DelayMs'
C:/ST/STM32CubeIDE_1.14.1/STM32CubeIDE/plugins/com.st.stm32cube.ide.mcu.externaltools.gnu-tools-for-stm32.11.3.rel1.win32_1.1.100.202309141235/tools/bin/../lib/gcc/arm-none-eabi/11.3.1/../../../../arm-none-eabi/bin/ld.exe: ./XM_Apps/User_Algorithm/user_app.o: in function `Standby_Loop':
C:/Github/IIT/Data_Acq/XM_EXOdata/Debug/../XM_Apps/User_Algorithm/user_app.c:496: undefined reference to `IOIF_DelayMs'
collect2.exe: error: ld returned 1 exit status
make: *** [makefile:109: XM_EXOdata.elf] Error 1
"make -j24 all" terminated with exit code 2. Build might be incomplete.
22:47:53 **** Incremental Build of configuration Debug for project XM_EXOdata ****
make -j24 all 
arm-none-eabi-gcc "../XM_Apps/User_Algorithm/user_app.c" -mcpu=cortex-m7 -std=gnu18 -g3 -DDEBUG -DUSE_HAL_DRIVER -DSTM32H743xx -DUSE_PWR_LDO_SUPPLY -c -I"C:/Github/IIT/Data_Acq/XM_EXOdata/XM_Apps/User_Algorithm" -I"C:/Github/IIT/Data_Acq/XM_EXOdata/XM_FW/XM_API" -I"C:/Github/IIT/Data_Acq/XM_EXOdata/XM_FW/System/Board/Button" -I"C:/Github/IIT/Data_Acq/XM_EXOdata/XM_FW/System/Board/GPIO" -I"C:/Github/IIT/Data_Acq/XM_EXOdata/XM_FW/System/Board/LED" -I"C:/Github/IIT/Data_Acq/XM_EXOdata/XM_FW/System/Comm/CANFD" -I"C:/Github/IIT/Data_Acq/XM_EXOdata/XM_FW/System/Comm/UART" -I"C:/Github/IIT/Data_Acq/XM_EXOdata/XM_FW/System/Comm/USB" -I"C:/Github/IIT/Data_Acq/XM_EXOdata/XM_FW/System/Config" -I"C:/Github/IIT/Data_Acq/XM_EXOdata/XM_FW/System/Core" -I"C:/Github/IIT/Data_Acq/XM_EXOdata/XM_FW/System/Links/Control_Module" -I"C:/Github/IIT/Data_Acq/XM_EXOdata/XM_FW/System/Links/GRF_Module" -I"C:/Github/IIT/Data_Acq/XM_EXOdata/XM_FW/System/Links/IMU_Module" -I"C:/Github/IIT/Data_Acq/XM_EXOdata/XM_FW/System/Links/PnP_Manager" -I"C:/Github/IIT/Data_Acq/XM_EXOdata/XM_FW/Devices/Marveldex" -I"C:/Github/IIT/Data_Acq/XM_EXOdata/XM_FW/Devices/XSENS" -I"C:/Github/IIT/Data_Acq/XM_EXOdata/XM_FW/Devices/AGR/Control_Module" -I"C:/Github/IIT/Data_Acq/XM_EXOdata/XM_FW/Services/Buff_Mngr/Ring_Buffer/Inc" -I"C:/Github/IIT/Data_Acq/XM_EXOdata/XM_FW/Services/Task_State_Machine/Inc" -I"C:/Github/IIT/Data_Acq/XM_EXOdata/XM_FW/Services/DOP_Mngr/Inc" -I"C:/Github/IIT/Data_Acq/XM_EXOdata/XM_FW/Services/Risk_Mngr/Inc" -I"C:/Github/IIT/Data_Acq/XM_EXOdata/XM_FW/IOIF/Inc" -I"C:/Github/IIT/Data_Acq/XM_EXOdata/Compatible/Drivers/STM32H7xx_HAL_Driver/Inc" -I"C:/Github/IIT/Data_Acq/XM_EXOdata/Compatible/FATFS/Target" -I"C:/Github/IIT/Data_Acq/XM_EXOdata/Compatible/STM32_USB_Device_Library/Class/CDC/Inc" -I"C:/Github/IIT/Data_Acq/XM_EXOdata/Compatible/STM32_USB_Device_Library/Core/Inc" -I"C:/Github/IIT/Data_Acq/XM_EXOdata/Compatible/STM32_USB_Host_Library/Class/MSC/Inc" -I"C:/Github/IIT/Data_Acq/XM_EXOdata/Compatible/STM32_USB_Host_Library/Core/Inc" -I"C:/Github/IIT/Data_Acq/XM_EXOdata/Compatible/USB_DEVICE/App" -I"C:/Github/IIT/Data_Acq/XM_EXOdata/Compatible/USB_DEVICE/Target" -I"C:/Github/IIT/Data_Acq/XM_EXOdata/Compatible/USB_HOST/App" -I"C:/Github/IIT/Data_Acq/XM_EXOdata/Compatible/USB_HOST/Target" -I../Core/Inc -I../Drivers/STM32H7xx_HAL_Driver/Inc -I../Drivers/STM32H7xx_HAL_Driver/Inc/Legacy -I../Drivers/CMSIS/Device/ST/STM32H7xx/Include -I../Drivers/CMSIS/Include -I../FATFS/Target -I../FATFS/App -I../Middlewares/Third_Party/FatFs/src -I../Middlewares/Third_Party/FreeRTOS/Source/include -I../Middlewares/Third_Party/FreeRTOS/Source/CMSIS_RTOS_V2 -I../Middlewares/Third_Party/FreeRTOS/Source/portable/GCC/ARM_CM4F -O0 -ffunction-sections -fdata-sections -Wall -fstack-usage -fcyclomatic-complexity -MMD -MP -MF"XM_Apps/User_Algorithm/user_app.d" -MT"XM_Apps/User_Algorithm/user_app.o" --specs=nano.specs -mfpu=fpv5-d16 -mfloat-abi=hard -mthumb -o "XM_Apps/User_Algorithm/user_app.o"
In file included from ../Core/Inc/stm32h7xx_hal_conf.h:493,
                 from ../Drivers/STM32H7xx_HAL_Driver/Inc/stm32h7xx_hal.h:29,
                 from C:/Github/IIT/Data_Acq/XM_EXOdata/XM_FW/IOIF/Inc/ioif_agrb_uart.h:24,
                 from C:/Github/IIT/Data_Acq/XM_EXOdata/XM_FW/Devices/XSENS/mti-630.h:20,
                 from ../XM_Apps/User_Algorithm/user_app.c:14:
C:/Github/IIT/Data_Acq/XM_EXOdata/Compatible/Drivers/STM32H7xx_HAL_Driver/Inc/stm32h7xx_hal_hcd.h:32: warning: "USE_HAL_HCD_REGISTER_CALLBACKS" redefined
   32 | #define USE_HAL_HCD_REGISTER_CALLBACKS 1U
      | 
In file included from ../Drivers/STM32H7xx_HAL_Driver/Inc/stm32h7xx_hal.h:29,
                 from C:/Github/IIT/Data_Acq/XM_EXOdata/XM_FW/IOIF/Inc/ioif_agrb_uart.h:24,
                 from C:/Github/IIT/Data_Acq/XM_EXOdata/XM_FW/Devices/XSENS/mti-630.h:20,
                 from ../XM_Apps/User_Algorithm/user_app.c:14:
../Core/Inc/stm32h7xx_hal_conf.h:195: note: this is the location of the previous definition
  195 | #define  USE_HAL_HCD_REGISTER_CALLBACKS     0U /* HCD register callback disabled     */
      | 
../XM_Apps/User_Algorithm/user_app.c:262:14: warning: 'assist_force_N' defined but not used [-Wunused-variable]
  262 | static float assist_force_N = 0.0f;   // ?•„?š”?•˜ë©? left/right ?•©?‚°?•´?„œ ?“°ê±°ë‚˜ ë³„ë„ ë§¤í•‘
      |              ^~~~~~~~~~~~~~
../XM_Apps/User_Algorithm/user_app.c:169:23: warning: 'LFootContact' defined but not used [-Wunused-variable]
  169 | static LFootContact_t LFootContact = LInitial;
      |                       ^~~~~~~~~~~~
../XM_Apps/User_Algorithm/user_app.c:168:23: warning: 'RFootContact' defined but not used [-Wunused-variable]
  168 | static RFootContact_t RFootContact = RInitial;
      |                       ^~~~~~~~~~~~
../XM_Apps/User_Algorithm/user_app.c:167:20: warning: 'GaitState' defined but not used [-Wunused-variable]
  167 | static GaitState_t GaitState = Stop;
      |                    ^~~~~~~~~
../XM_Apps/User_Algorithm/user_app.c:164:20: warning: 's_previoush10Mode' defined but not used [-Wunused-variable]
  164 | static XmH10Mode_t s_previoush10Mode = XM_H10_MODE_STANDBY;
      |                    ^~~~~~~~~~~~~~~~~
../XM_Apps/User_Algorithm/user_app.c:160:17: warning: 's_modeTransitionTimer' defined but not used [-Wunused-variable]
  160 | static uint32_t s_modeTransitionTimer = 0;
      |                 ^~~~~~~~~~~~~~~~~~~~~
arm-none-eabi-gcc -o "XM_EXOdata.elf" @"objects.list"   -mcpu=cortex-m7 -T"C:\Github\IIT\Data_Acq\XM_EXOdata\STM32H743XIHX_FLASH.ld" --specs=nosys.specs -Wl,-Map="XM_EXOdata.map" -Wl,--gc-sections -static --specs=nano.specs -mfpu=fpv5-d16 -mfloat-abi=hard -mthumb -u _printf_float -u _scanf_float -Wl,--start-group -lc -lm -Wl,--end-group
Finished building target: XM_EXOdata.elf
 
arm-none-eabi-size  XM_EXOdata.elf 
arm-none-eabi-objdump -h -S XM_EXOdata.elf  > "XM_EXOdata.list"
   text	   data	    bss	    dec	    hex	filename
 212000	   1004	 556220	 769224	  bbcc8	XM_EXOdata.elf
arm-none-eabi-objcopy  -O ihex XM_EXOdata.elf  "XM_EXOdata.hex"
Finished building: default.size.stdout
arm-none-eabi-objcopy  -O binary XM_EXOdata.elf  "XM_EXOdata.bin"
 
Finished building: XM_EXOdata.hex
 
Finished building: XM_EXOdata.bin
 
Finished building: XM_EXOdata.list
 
