22:00:35 **** Incremental Build of configuration Debug for project XM_EXOdata ****
make -j24 all 
arm-none-eabi-gcc "../XM_Apps/User_Algorithm/Basics.c" -mcpu=cortex-m7 -std=gnu18 -g3 -DDEBUG -DUSE_HAL_DRIVER -DSTM32H743xx -DUSE_PWR_LDO_SUPPLY -c -I"C:/Github/IIT/Data_Acq/XM_EXOdata/XM_Apps/User_Algorithm" -I"C:/Github/IIT/Data_Acq/XM_EXOdata/XM_FW/XM_API" -I"C:/Github/IIT/Data_Acq/XM_EXOdata/XM_FW/System/Board/Button" -I"C:/Github/IIT/Data_Acq/XM_EXOdata/XM_FW/System/Board/GPIO" -I"C:/Github/IIT/Data_Acq/XM_EXOdata/XM_FW/System/Board/LED" -I"C:/Github/IIT/Data_Acq/XM_EXOdata/XM_FW/System/Comm/CANFD" -I"C:/Github/IIT/Data_Acq/XM_EXOdata/XM_FW/System/Comm/UART" -I"C:/Github/IIT/Data_Acq/XM_EXOdata/XM_FW/System/Comm/USB" -I"C:/Github/IIT/Data_Acq/XM_EXOdata/XM_FW/System/Config" -I"C:/Github/IIT/Data_Acq/XM_EXOdata/XM_FW/System/Core" -I"C:/Github/IIT/Data_Acq/XM_EXOdata/XM_FW/System/Links/Control_Module" -I"C:/Github/IIT/Data_Acq/XM_EXOdata/XM_FW/System/Links/GRF_Module" -I"C:/Github/IIT/Data_Acq/XM_EXOdata/XM_FW/System/Links/IMU_Module" -I"C:/Github/IIT/Data_Acq/XM_EXOdata/XM_FW/System/Links/PnP_Manager" -I"C:/Github/IIT/Data_Acq/XM_EXOdata/XM_FW/Devices/Marveldex" -I"C:/Github/IIT/Data_Acq/XM_EXOdata/XM_FW/Devices/XSENS" -I"C:/Github/IIT/Data_Acq/XM_EXOdata/XM_FW/Devices/AGR/Control_Module" -I"C:/Github/IIT/Data_Acq/XM_EXOdata/XM_FW/Services/Buff_Mngr/Ring_Buffer/Inc" -I"C:/Github/IIT/Data_Acq/XM_EXOdata/XM_FW/Services/Task_State_Machine/Inc" -I"C:/Github/IIT/Data_Acq/XM_EXOdata/XM_FW/Services/DOP_Mngr/Inc" -I"C:/Github/IIT/Data_Acq/XM_EXOdata/XM_FW/Services/Risk_Mngr/Inc" -I"C:/Github/IIT/Data_Acq/XM_EXOdata/XM_FW/IOIF/Inc" -I"C:/Github/IIT/Data_Acq/XM_EXOdata/Compatible/Drivers/STM32H7xx_HAL_Driver/Inc" -I"C:/Github/IIT/Data_Acq/XM_EXOdata/Compatible/FATFS/Target" -I"C:/Github/IIT/Data_Acq/XM_EXOdata/Compatible/STM32_USB_Device_Library/Class/CDC/Inc" -I"C:/Github/IIT/Data_Acq/XM_EXOdata/Compatible/STM32_USB_Device_Library/Core/Inc" -I"C:/Github/IIT/Data_Acq/XM_EXOdata/Compatible/STM32_USB_Host_Library/Class/MSC/Inc" -I"C:/Github/IIT/Data_Acq/XM_EXOdata/Compatible/STM32_USB_Host_Library/Core/Inc" -I"C:/Github/IIT/Data_Acq/XM_EXOdata/Compatible/USB_DEVICE/App" -I"C:/Github/IIT/Data_Acq/XM_EXOdata/Compatible/USB_DEVICE/Target" -I"C:/Github/IIT/Data_Acq/XM_EXOdata/Compatible/USB_HOST/App" -I"C:/Github/IIT/Data_Acq/XM_EXOdata/Compatible/USB_HOST/Target" -I../Core/Inc -I../Drivers/STM32H7xx_HAL_Driver/Inc -I../Drivers/STM32H7xx_HAL_Driver/Inc/Legacy -I../Drivers/CMSIS/Device/ST/STM32H7xx/Include -I../Drivers/CMSIS/Include -I../FATFS/Target -I../FATFS/App -I../Middlewares/Third_Party/FatFs/src -I../Middlewares/Third_Party/FreeRTOS/Source/include -I../Middlewares/Third_Party/FreeRTOS/Source/CMSIS_RTOS_V2 -I../Middlewares/Third_Party/FreeRTOS/Source/portable/GCC/ARM_CM4F -O0 -ffunction-sections -fdata-sections -Wall -fstack-usage -fcyclomatic-complexity -MMD -MP -MF"XM_Apps/User_Algorithm/Basics.d" -MT"XM_Apps/User_Algorithm/Basics.o" --specs=nano.specs -mfpu=fpv5-d16 -mfloat-abi=hard -mthumb -o "XM_Apps/User_Algorithm/Basics.o"
arm-none-eabi-gcc "../XM_Apps/User_Algorithm/Dataacq.c" -mcpu=cortex-m7 -std=gnu18 -g3 -DDEBUG -DUSE_HAL_DRIVER -DSTM32H743xx -DUSE_PWR_LDO_SUPPLY -c -I"C:/Github/IIT/Data_Acq/XM_EXOdata/XM_Apps/User_Algorithm" -I"C:/Github/IIT/Data_Acq/XM_EXOdata/XM_FW/XM_API" -I"C:/Github/IIT/Data_Acq/XM_EXOdata/XM_FW/System/Board/Button" -I"C:/Github/IIT/Data_Acq/XM_EXOdata/XM_FW/System/Board/GPIO" -I"C:/Github/IIT/Data_Acq/XM_EXOdata/XM_FW/System/Board/LED" -I"C:/Github/IIT/Data_Acq/XM_EXOdata/XM_FW/System/Comm/CANFD" -I"C:/Github/IIT/Data_Acq/XM_EXOdata/XM_FW/System/Comm/UART" -I"C:/Github/IIT/Data_Acq/XM_EXOdata/XM_FW/System/Comm/USB" -I"C:/Github/IIT/Data_Acq/XM_EXOdata/XM_FW/System/Config" -I"C:/Github/IIT/Data_Acq/XM_EXOdata/XM_FW/System/Core" -I"C:/Github/IIT/Data_Acq/XM_EXOdata/XM_FW/System/Links/Control_Module" -I"C:/Github/IIT/Data_Acq/XM_EXOdata/XM_FW/System/Links/GRF_Module" -I"C:/Github/IIT/Data_Acq/XM_EXOdata/XM_FW/System/Links/IMU_Module" -I"C:/Github/IIT/Data_Acq/XM_EXOdata/XM_FW/System/Links/PnP_Manager" -I"C:/Github/IIT/Data_Acq/XM_EXOdata/XM_FW/Devices/Marveldex" -I"C:/Github/IIT/Data_Acq/XM_EXOdata/XM_FW/Devices/XSENS" -I"C:/Github/IIT/Data_Acq/XM_EXOdata/XM_FW/Devices/AGR/Control_Module" -I"C:/Github/IIT/Data_Acq/XM_EXOdata/XM_FW/Services/Buff_Mngr/Ring_Buffer/Inc" -I"C:/Github/IIT/Data_Acq/XM_EXOdata/XM_FW/Services/Task_State_Machine/Inc" -I"C:/Github/IIT/Data_Acq/XM_EXOdata/XM_FW/Services/DOP_Mngr/Inc" -I"C:/Github/IIT/Data_Acq/XM_EXOdata/XM_FW/Services/Risk_Mngr/Inc" -I"C:/Github/IIT/Data_Acq/XM_EXOdata/XM_FW/IOIF/Inc" -I"C:/Github/IIT/Data_Acq/XM_EXOdata/Compatible/Drivers/STM32H7xx_HAL_Driver/Inc" -I"C:/Github/IIT/Data_Acq/XM_EXOdata/Compatible/FATFS/Target" -I"C:/Github/IIT/Data_Acq/XM_EXOdata/Compatible/STM32_USB_Device_Library/Class/CDC/Inc" -I"C:/Github/IIT/Data_Acq/XM_EXOdata/Compatible/STM32_USB_Device_Library/Core/Inc" -I"C:/Github/IIT/Data_Acq/XM_EXOdata/Compatible/STM32_USB_Host_Library/Class/MSC/Inc" -I"C:/Github/IIT/Data_Acq/XM_EXOdata/Compatible/STM32_USB_Host_Library/Core/Inc" -I"C:/Github/IIT/Data_Acq/XM_EXOdata/Compatible/USB_DEVICE/App" -I"C:/Github/IIT/Data_Acq/XM_EXOdata/Compatible/USB_DEVICE/Target" -I"C:/Github/IIT/Data_Acq/XM_EXOdata/Compatible/USB_HOST/App" -I"C:/Github/IIT/Data_Acq/XM_EXOdata/Compatible/USB_HOST/Target" -I../Core/Inc -I../Drivers/STM32H7xx_HAL_Driver/Inc -I../Drivers/STM32H7xx_HAL_Driver/Inc/Legacy -I../Drivers/CMSIS/Device/ST/STM32H7xx/Include -I../Drivers/CMSIS/Include -I../FATFS/Target -I../FATFS/App -I../Middlewares/Third_Party/FatFs/src -I../Middlewares/Third_Party/FreeRTOS/Source/include -I../Middlewares/Third_Party/FreeRTOS/Source/CMSIS_RTOS_V2 -I../Middlewares/Third_Party/FreeRTOS/Source/portable/GCC/ARM_CM4F -O0 -ffunction-sections -fdata-sections -Wall -fstack-usage -fcyclomatic-complexity -MMD -MP -MF"XM_Apps/User_Algorithm/Dataacq.d" -MT"XM_Apps/User_Algorithm/Dataacq.o" --specs=nano.specs -mfpu=fpv5-d16 -mfloat-abi=hard -mthumb -o "XM_Apps/User_Algorithm/Dataacq.o"
In file included from ../Core/Inc/stm32h7xx_hal_conf.h:493,
                 from ../Drivers/STM32H7xx_HAL_Driver/Inc/stm32h7xx_hal.h:29,
                 from C:/Github/IIT/Data_Acq/XM_EXOdata/XM_FW/IOIF/Inc/ioif_agrb_uart.h:24,
                 from C:/Github/IIT/Data_Acq/XM_EXOdata/XM_FW/Devices/XSENS/mti-630.h:20,
                 from ../XM_Apps/User_Algorithm/Basics.h:5,
                 from ../XM_Apps/User_Algorithm/Basics.c:1:
C:/Github/IIT/Data_Acq/XM_EXOdata/Compatible/Drivers/STM32H7xx_HAL_Driver/Inc/stm32h7xx_hal_hcd.h:32: warning: "USE_HAL_HCD_REGISTER_CALLBACKS" redefined
   32 | #define USE_HAL_HCD_REGISTER_CALLBACKS 1U
      | 
In file included from ../Drivers/STM32H7xx_HAL_Driver/Inc/stm32h7xx_hal.h:29,
                 from C:/Github/IIT/Data_Acq/XM_EXOdata/XM_FW/IOIF/Inc/ioif_agrb_uart.h:24,
                 from C:/Github/IIT/Data_Acq/XM_EXOdata/XM_FW/Devices/XSENS/mti-630.h:20,
                 from ../XM_Apps/User_Algorithm/Basics.h:5,
                 from ../XM_Apps/User_Algorithm/Basics.c:1:
../Core/Inc/stm32h7xx_hal_conf.h:195: note: this is the location of the previous definition
  195 | #define  USE_HAL_HCD_REGISTER_CALLBACKS     0U /* HCD register callback disabled     */
      | 
In file included from ../Core/Inc/stm32h7xx_hal_conf.h:493,
                 from ../Drivers/STM32H7xx_HAL_Driver/Inc/stm32h7xx_hal.h:29,
                 from C:/Github/IIT/Data_Acq/XM_EXOdata/XM_FW/IOIF/Inc/ioif_agrb_uart.h:24,
                 from C:/Github/IIT/Data_Acq/XM_EXOdata/XM_FW/Devices/XSENS/mti-630.h:20,
                 from ../XM_Apps/User_Algorithm/Dataacq.c:14:
C:/Github/IIT/Data_Acq/XM_EXOdata/Compatible/Drivers/STM32H7xx_HAL_Driver/Inc/stm32h7xx_hal_hcd.h:32: warning: "USE_HAL_HCD_REGISTER_CALLBACKS" redefined
   32 | #define USE_HAL_HCD_REGISTER_CALLBACKS 1U
      | 
In file included from ../Drivers/STM32H7xx_HAL_Driver/Inc/stm32h7xx_hal.h:29,
                 from C:/Github/IIT/Data_Acq/XM_EXOdata/XM_FW/IOIF/Inc/ioif_agrb_uart.h:24,
                 from C:/Github/IIT/Data_Acq/XM_EXOdata/XM_FW/Devices/XSENS/mti-630.h:20,
                 from ../XM_Apps/User_Algorithm/Dataacq.c:14:
../Core/Inc/stm32h7xx_hal_conf.h:195: note: this is the location of the previous definition
  195 | #define  USE_HAL_HCD_REGISTER_CALLBACKS     0U /* HCD register callback disabled     */
      | 
arm-none-eabi-gcc -o "XM_EXOdata.elf" @"objects.list"   -mcpu=cortex-m7 -T"C:\Github\IIT\Data_Acq\XM_EXOdata\STM32H743XIHX_FLASH.ld" --specs=nosys.specs -Wl,-Map="XM_EXOdata.map" -Wl,--gc-sections -static --specs=nano.specs -mfpu=fpv5-d16 -mfloat-abi=hard -mthumb -u _printf_float -u _scanf_float -Wl,--start-group -lc -lm -Wl,--end-group
Finished building target: XM_EXOdata.elf
 
arm-none-eabi-size  XM_EXOdata.elf 
arm-none-eabi-objdump -h -S XM_EXOdata.elf  > "XM_EXOdata.list"
   text	   data	    bss	    dec	    hex	filename
 208584	   1000	 553740	 763324	  ba5bc	XM_EXOdata.elf
arm-none-eabi-objcopy  -O ihex XM_EXOdata.elf  "XM_EXOdata.hex"
Finished building: default.size.stdout
arm-none-eabi-objcopy  -O binary XM_EXOdata.elf  "XM_EXOdata.bin"
 
Finished building: XM_EXOdata.hex
 
Finished building: XM_EXOdata.bin
 
Finished building: XM_EXOdata.list
 

22:00:38 Build Finished. 0 errors, 2 warnings. (took 2s.289ms)

